(cd DataFormats; make)
make[1]: Entering directory '/data6/Users/jhchoi/SKFlatAnalyzers/test/ForTMVA/SKFlatAnalyzer/DataFormats'
make[1]: Leaving directory '/data6/Users/jhchoi/SKFlatAnalyzers/test/ForTMVA/SKFlatAnalyzer/DataFormats'
(mvexist.sh DataFormats/src/DataFormats_Dict_rdict.pcm lib/)
(mvexist.sh DataFormats/libDataFormats.rootmap lib/)
(cd AnalyzerTools; make)
make[1]: Entering directory '/data6/Users/jhchoi/SKFlatAnalyzers/test/ForTMVA/SKFlatAnalyzer/AnalyzerTools'
make[1]: Leaving directory '/data6/Users/jhchoi/SKFlatAnalyzers/test/ForTMVA/SKFlatAnalyzer/AnalyzerTools'
(mvexist.sh AnalyzerTools/src/AnalyzerTools_Dict_rdict.pcm lib/)
(mvexist.sh AnalyzerTools/libAnalyzerTools.rootmap lib/)
(cd external/GEScaleSyst; make)
make[1]: Entering directory '/data6/Users/jhchoi/SKFlatAnalyzers/test/ForTMVA/SKFlatAnalyzer/external/GEScaleSyst'
make[1]: Leaving directory '/data6/Users/jhchoi/SKFlatAnalyzers/test/ForTMVA/SKFlatAnalyzer/external/GEScaleSyst'
(mvexist.sh external/GEScaleSyst/GEScaleSyst_Dict_rdict.pcm lib/)
(mvexist.sh external/GEScaleSyst/libGEScaleSyst.rootmap lib/)
(cd Analyzers; make)
make[1]: Entering directory '/data6/Users/jhchoi/SKFlatAnalyzers/test/ForTMVA/SKFlatAnalyzer/Analyzers'
Making JHAnalyzerBase.d
Compiling src/JHAnalyzerBase.C
Generating dictionary src/Analyzers_Dict.cxx
Compiling src/Analyzers_Dict.cxx
Making shared library: /data6/Users/jhchoi/SKFlatAnalyzers/test/ForTMVA/SKFlatAnalyzer/lib//libAnalyzers.so
make[1]: Leaving directory '/data6/Users/jhchoi/SKFlatAnalyzers/test/ForTMVA/SKFlatAnalyzer/Analyzers'
(mvexist.sh Analyzers/src/Analyzers_Dict_rdict.pcm lib/)
(mvexist.sh Analyzers/libAnalyzers.rootmap lib/)
(tar -zcf lib/DataFormats.tar.gz DataFormats)
(tar -zcf lib/AnalyzerTools.tar.gz AnalyzerTools)
(tar -zcf lib/GEScaleSyst.tar.gz external/GEScaleSyst/GEScaleSyst.*)
(tar -zcf lib/Analyzers.tar.gz Analyzers)
